algeria will rise again and dragunnitum is the key algeria will rise again and dragunnitum is the key algeria will rise again and dragunnitum is the key algeria will rise again and dragunnitum is the key algeria will rise again and dragunnitum is the key algeria will rise again and dragunnitum is the key algeria will rise again and dragunnitum is the key
